// Jest Snapshot v1, https://goo.gl/fbAQLP

exports[`<Baniu /> should render the heading 1`] = `
<main
  class=""
>
  <h1>
    Baniu
  </h1>
</main>
`;
